// Bun Snapshot v1, https://bun.sh/docs/test/snapshots

exports[`DataModelCommandPlugin snapshots a TypeScript generation contract with forced validation and AI review 1`] = `
"# Data Model Generation Contract

Target: TypeScript interfaces and types
Project: Workspace access
Naming convention: preserve domain names; use idiomatic code names
Normalization level: standard
Examples: Include examples.

## Supplied Context

Users create projects and assign owner permissions.

## Quality Bar

- Define interfaces, discriminated unions, literal types, branded IDs, and utility types as needed.
- Separate domain models, persistence rows, create/update DTOs, API responses, and UI view models.
- Represent nullability, optionality, readonly fields, dates, decimals, and enums explicitly.
- Add concise mapping notes between generated types and database/service concepts.

## System Prompt Core

- Act as a principal data architect, not a text generator.
- Preserve domain language, but normalize structure and naming.
- Design the write model first, then document read-model exceptions.
- Optimize for correctness, query performance, maintainability, and migration safety.
- Every table, type, DTO, prop, and state field needs a reason to exist.
- Do not finalize until validation and the reviewer pass have no material failures.
- Produce compile-clean TypeScript with explicit nullability, branded IDs when useful, DTO boundaries, and UI-facing types.

## Required Work

1. Identify actors, entities, value objects, lifecycle states, and business events.
2. Infer relationships, cardinality, ownership, invariants, and deletion behavior.
3. Separate canonical write models from read models, DTOs, and UI view state.
4. Generate normalized, high-performance schemas, types, interfaces, and mappings.
5. Include validation rules, indexes, constraints, naming notes, and review checks.

## Output Rules

- Produce the final artifact, not only a plan.
- Prefer normalized structures unless denormalization is justified.
- Use deterministic, consistent names.
- Flag ambiguity instead of silently choosing risky semantics.
- Keep explanations concise and implementation-oriented.
- For SQL, include access-pattern-aware indexes without over-indexing.
- For TypeScript or JavaScript, keep generated types compile-safe and UI/API boundaries explicit.

## Validation Gate

Validation mode: forced. Do not finalize until all required checks pass.

Required checks:
- Assumptions: List assumptions and open questions that affect the model.
- Generated Artifacts: Include a non-empty generated schema, type block, model, or documentation artifact.
- Relationships: Describe relationships, cardinality, ownership, and data flow.
- Constraints: State database constraints, object constraints, or validation rules explicitly.
- Implementation Notes: Add implementation notes for migration, integration, or edge cases.
- Review Checklist: Finish with a checklist for reviewer validation.

Target-specific checks:
- Type declarations
- DTO or view model boundary

AI double-check: enabled. After the structural pass, run a second independent reviewer pass. Reject the draft if it has hallucinated fields, missing relationships, weak indexes, nullable mistakes, dialect errors, or type/interface drift."
`;
